\BOOKMARK [1][-]{section.1}{\376\377\137\025\212\000}{}% 1
\BOOKMARK [1][-]{section.2}{\376\377\166\370\121\163\135\345\117\134}{}% 2
\BOOKMARK [1][-]{section.3}{\376\377\145\271\154\325}{}% 3
\BOOKMARK [1][-]{section.4}{\376\377\174\373\176\337\147\266\147\204}{}% 4
\BOOKMARK [2][-]{subsection.4.1}{\376\377\213\276\131\007\134\102}{section.4}% 5
\BOOKMARK [2][-]{subsection.4.2}{\376\377\217\271\177\030\134\102}{section.4}% 6
\BOOKMARK [2][-]{subsection.4.3}{\376\377\116\221\172\357\134\102}{section.4}% 7
\BOOKMARK [2][-]{subsection.4.4}{\376\377\145\160\143\156\116\016\145\366\136\217\116\247\162\151}{section.4}% 8
\BOOKMARK [2][-]{subsection.4.5}{\376\377\145\110\136\246\132\001\200\301}{section.4}% 9
\BOOKMARK [2][-]{subsection.4.6}{\376\377\133\236\163\260\146\040\134\004}{section.4}% 10
\BOOKMARK [2][-]{subsection.4.7}{\376\377\217\271\177\030\126\376\120\317\215\050\221\317\213\304\117\060}{section.4}% 11
\BOOKMARK [2][-]{subsection.4.8}{\376\377\000C\000O\000C\000O\000\040\202\014\123\072\000\040\000R\000O\000I\000\040\210\301\122\152}{section.4}% 12
\BOOKMARK [2][-]{subsection.4.9}{\376\377\177\156\117\341\136\246\141\037\167\345\215\357\165\061}{section.4}% 13
\BOOKMARK [3][-]{subsubsection.4.9.1}{\376\377\116\072\116\300\116\110\220\011\142\351\000\040\000L\000a\000n\000g\000G\000r\000a\000p\000h\377\037}{subsection.4.9}% 14
\BOOKMARK [3][-]{subsubsection.4.9.2}{\376\377\173\227\154\325\142\151\134\125\377\010\000B\0002\000d\000/\000B\0002\000m\000/\000B\0002\000u\377\011\060\002}{subsection.4.9}% 15
\BOOKMARK [2][-]{subsection.4.10}{\376\377\225\355\163\257\123\117\213\256\116\016\145\345\137\327}{section.4}% 16
\BOOKMARK [1][-]{section.5}{\376\377\133\236\232\214}{}% 17
\BOOKMARK [2][-]{subsection.5.1}{\376\377\133\236\232\214\213\276\177\156}{section.5}% 18
\BOOKMARK [2][-]{subsection.5.2}{\376\377\000S\000h\000e\000z\000h\000e\000n\000V\0003\000-\000C\000O\000C\000O\000\040\116\012\166\204\000\040\000E\000d\000g\000e\000-\000I\000Q\000A\000\040\232\214\213\301}{section.5}% 19
\BOOKMARK [2][-]{subsection.5.3}{\376\377\116\073\133\236\232\214\176\323\147\234}{section.5}% 20
\BOOKMARK [2][-]{subsection.5.4}{\376\377\155\210\207\215\116\016\215\350\226\037\122\027\122\006\147\220}{section.5}% 21
\BOOKMARK [2][-]{subsection.5.5}{\376\377\213\250\213\272}{section.5}% 22
\BOOKMARK [1][-]{section.6}{\376\377\176\323\213\272}{}% 23
\BOOKMARK [1][-]{section.7}{\376\377\176\323\213\272}{}% 24
\BOOKMARK [1][-]{appendix.A}{\376\377\210\145\121\105\147\120\145\231}{}% 25
\BOOKMARK [1][-]{appendix.B}{\376\377\142\151\134\125\173\227\154\325\116\016\210\150\150\074}{}% 26
\BOOKMARK [1][-]{appendix.C}{\376\377\173\046\123\367\213\364\146\016}{}% 27
\BOOKMARK [1][-]{appendix.D}{\376\377\210\145\121\105\133\236\232\214\116\016\135\345\172\013\176\306\202\202}{}% 28
\BOOKMARK [2][-]{subsection.D.1}{\376\377\133\146\116\140\127\213\000\040\000I\000Q\000A\000\040\127\372\176\277\000\040\000B\0003\377\010\000M\000o\000b\000i\000l\000e\000N\000e\000t\000V\0003\000-\000S\000m\000a\000l\000l\377\011}{appendix.D}% 29
\BOOKMARK [1][-]{appendix.E}{\376\377\133\236\163\260\176\306\202\202}{}% 30
\BOOKMARK [2][-]{subsection.E.1}{\376\377\217\271\117\247\177\121\121\163\000\040\000A\000P\000I}{appendix.E}% 31
\BOOKMARK [2][-]{subsection.E.2}{\376\377\163\257\130\203\116\016\221\115\177\156}{appendix.E}% 32
\BOOKMARK [2][-]{subsection.E.3}{\376\377\171\273\176\277\133\236\232\214\232\161\122\250}{appendix.E}% 33
\BOOKMARK [2][-]{subsection.E.4}{\376\377\000R\000O\000I\000\040\116\016\000\040\000B\0003\000\040\152\041\127\127}{appendix.E}% 34
\BOOKMARK [2][-]{subsection.E.5}{\376\377\137\000\145\076\171\321\133\146\135\345\116\366\175\042\137\025}{appendix.E}% 35
\BOOKMARK [2][-]{subsection.E.6}{\376\377\220\350\177\162\156\005\123\125\116\016\144\315\117\134\155\101\172\013}{appendix.E}% 36
\BOOKMARK [2][-]{subsection.E.7}{\376\377\131\061\145\110\152\041\137\017\116\016\116\343\210\150\150\110\117\213}{appendix.E}% 37
\BOOKMARK [2][-]{subsection.E.8}{\376\377\173\227\117\213\377\032\123\125\136\047\176\317\000\040\000B\0002\000\040\215\357\165\061}{appendix.E}% 38
\BOOKMARK [1][-]{appendix.F}{\376\377\123\125\150\017\123\302\200\003\210\150}{}% 39
